
> nextjs@0.1.0 build
> next build

Attention: Next.js now collects completely anonymous telemetry regarding usage.
This information is used to shape Next.js' roadmap and prioritize features.
You can learn more, including how to opt-out if you'd not like to participate in this anonymous program, by visiting the following URL:
https://nextjs.org/telemetry

   Creating an optimized production build...
Browserslist: caniuse-lite is outdated. Please run:
  npx update-browserslist-db@latest
  Why you should do it regularly: https://github.com/browserslist/update-db#readme
Browserslist: caniuse-lite is outdated. Please run:
  npx browserslist@latest --update-db
  Why you should do it regularly: https://github.com/browserslist/browserslist#browsers-data-updating
 ⚠ Compiled with warnings

./node_modules/@supabase/realtime-js/dist/main/RealtimeClient.js
Critical dependency: the request of a dependency is an expression

Import trace for requested module:
./node_modules/@supabase/realtime-js/dist/main/RealtimeClient.js
./node_modules/@supabase/realtime-js/dist/main/index.js
./node_modules/@supabase/supabase-js/dist/main/index.js
./lib/supabase.ts
./components/chat/chat-context.tsx

   Skipping validation of types
   Skipping linting
   Collecting page data...
   Generating static pages (0/14)...
 ⚠ Entire page /dang-ky deopted into client-side rendering. https://nextjs.org/docs/messages/deopted-into-client-rendering /dang-ky
   Generating static pages (3/14)

   Generating static pages (6/14)

   Generating static pages (10/14)

 ✓ Generating static pages (14/14)
   Finalizing page optimization...

Route (app)                              Size     First Load JS
┌ ○ /                                    34.7 kB         253 kB
├ ○ /_not-found                          874 B          80.7 kB
├ λ /api/download-document               0 B                0 B
├ λ /api/rate-message                    0 B                0 B
├ λ /api/track-download                  0 B                0 B
├ ○ /dang-ky                             5.68 kB         160 kB
├ ○ /dang-nhap                           3.89 kB         158 kB
├ ○ /dat-lai-mat-khau                    3.75 kB         158 kB
├ ○ /giay-phep                           3.22 kB         200 kB
├ ○ /khai-bao                            4.95 kB         202 kB
├ ○ /kiem-tra                            5.23 kB         202 kB
├ ○ /lien-he                             4.6 kB          208 kB
├ ○ /msds                                5.79 kB         231 kB
├ ○ /quan-tri                            4.55 kB         163 kB
└ ○ /quen-mat-khau                       3.04 kB         157 kB
+ First Load JS shared by all            79.8 kB
  ├ chunks/864-0626dfff843630f9.js       26.6 kB
  ├ chunks/fd9d1056-c2e6101c28bced0b.js  50.9 kB
  ├ chunks/main-app-e12eb8061cab17b7.js  226 B
  └ chunks/webpack-dfa060fed891d160.js   2.09 kB


λ  (Server)  server-side renders at runtime (uses getInitialProps or getServerSideProps)
○  (Static)  automatically rendered as static HTML (uses no initial props)

